// Jest Snapshot v1, https://goo.gl/fbAQLP

exports[`Header should render correctly 1`] = `
<div
  className="display-grid"
>
  <img
    alt="map"
    className="map"
    src="africa-map.png"
  />
  <p
    className="heading"
  >
    Air Quality In Some African Big Cities
  </p>
</div>
`;

exports[`SingleCity renders correctly 1`] = `
<DocumentFragment>
  <li
    class="single-city "
  >
    <a
      class="display-flex city-details"
      href="/details/1"
    >
      <h2>
        City 1
      </h2>
      <p>
        Air Quality:
        <span
          style="font-weight: 800; font-size: 15px; color: rgb(247, 247, 0);"
        >
          Moderate
        </span>
      </p>
      <p>
        Quality Index:3
      </p>
    </a>
  </li>
</DocumentFragment>
`;
